Traceback (most recent call last):
  File "/Users/yuqiaowu/Desktop/第一个链上项目/鲸鱼监控/backend/crypto_brain.py", line 1359, in main
    raw_ai_summary = generate_comparative_summary(
                     ^^^^^^^^^^^^^^^^^^^^^^^^^^^^^
  File "/Users/yuqiaowu/Desktop/第一个链上项目/鲸鱼监控/backend/crypto_brain.py", line 945, in generate_comparative_summary
    "RSI": f"{data.get('bnb', {}).get('market', {}).get('rsi_14', 50):.1f}",
              ^^^^
NameError: name 'data' is not defined
